// Jest Snapshot v1, https://goo.gl/fbAQLP

exports[`renders homepage unchanged 1`] = `
<div>
  <main
    class="main"
  >
    <h1
      class="title"
    >
      Welcome to pokemons!
    </h1>
    <div
      class="form-container"
    >
      <form>
        <label>
          Search:
          <input
            class="form-input"
            data-testid="search-input"
            type="text"
            value=""
          />
        </label>
        <div
          class="form-button-container"
        >
          <button
            class="form-button"
            data-testid="search-button"
            type="submit"
          >
            Search
          </button>
          <button
            class="form-button"
            type="button"
          >
            Load More
          </button>
        </div>
      </form>
    </div>
  </main>
</div>
`;
